---
source: tests/snapshots.rs
expression: "render(&mut app, 120, 20)"
---
 caligula  1 repo · 7 worktrees (6 linked) · 1 dirty · 4 stale · 2 safe to remove
╭ sort risk · lens all ──────────────────────────╮╭────────────────────────────────────────────────────────────────────╮
│   BRANCH                    ↑   ↓   ±     AGE  ││ fixture                                                            │
│ ▾ fixture (6)               1       2      2h  ││ /fixture/repo                                                      │
│ │ ◆ main                                   2h  ││                                                                    │
│ │ ● feat/dirty                      2     90d  ││ origin    git@github.com:fixture/fixture.git                       │
│ │ ✗ docs/gone                          !   1y  ││ base      main                                                     │
│ │ ● feat/ahead              1              1d  ││ worktrees 7 (6 linked)                                             │
│ │ ● chore/clean                            9d  ││ dirty     1                                                        │
│ │ ● (3head000)                            40d  ││                                                                    │
│ │ ● fix/locked                         L   1y  ││ Worktrees                                                          │
│                                                ││   ◆ main                Nothing to salvage — safe to remove     2h │
│                                                ││   ● feat/dirty          2 uncommitted files                    90d │
│                                                ││   ✗ docs/gone           Git cannot read this worktree — it m…   1y │
│                                                ││   ● feat/ahead          1 off-base commit                       1d │
│                                                ││   ● chore/clean         Nothing to salvage — safe to remove     9d │
│                                                ││   ● (3head000)          Nothing to salvage — safe to remove    40d │
│                                                ││   ● fix/locked          Nothing to salvage — safe to remove     1y │
╰────────────────────────────────────────────────╯╰────────────────────────────────────────────────────────────────────╯
 j/k move  space mark  a sweep  ←/→ fold  d remove  D +branch  p prune  c shell  f lens  s sort  / find  ? help
