---
source: tests/snapshots.rs
expression: "render(&mut app, 80, 20)"
---
 caligula  1 repo · 7 worktrees (6 linked) · 1 dirty · 4 stale
╭ sort activity · lens all ────────────────────────────────────────────────────╮
│   BRANCH                                                  ↑   ↓   ±     AGE  │
│ ▾ fixture (6)                                             1       2      2h  │
│▌│ ● chore/clean                                                          9d  │
│                                                                              │
│                                                                              │
│                                                                              │
│                                                                              │
│                                                                              │
│                                                                              │
│                                                                              │
│                                                                              │
│                                                                              │
│                                                                              │
│                                                                              │
│                                                                              │
│                                                                              │
╰──────────────────────────────────────────────────────────────────────────────╯
 list  tab   1 marked  filter chore  nothing to salvage in any of them   d remov
