---
source: tests/snapshots.rs
expression: "render(&mut app, 120, 20)"
---
 caligula  1 repo · 7 worktrees (6 linked) · 1 dirty · 4 stale · 2 safe to remove
╭ sort activity · lens all ──────────────────────╮╭────────────────────────────────────────────────────────────────────╮
│   BRANCH                    ↑   ↓   ±     AGE  ││ fixture                                                            │
│ ▾ fixture (1)                              9d  ││ /fixture/repo                                                      │
│▌│ ● chore/clean                            9d  ││                                                                    │
│                                                ││ origin    git@github.com:fixture/fixture.git                       │
│                                                ││ base      main                                                     │
│                                                ││ worktrees 1 of 7 shown                                             │
│                                                ││ dirty     0                                                        │
│                                                ││ stashes   1 on no live branch — nothing else will surface it       │
│                                                ││                                                                    │
│                                                ││ Worktrees                                                          │
│                                                ││   ● chore/clean         Nothing to salvage — safe to remove     9d │
│                                                ││                                                                    │
│                                                ││                                                                    │
│                                                ││                                                                    │
│                                                ││                                                                    │
│                                                ││                                                                    │
╰────────────────────────────────────────────────╯╰────────────────────────────────────────────────────────────────────╯
 1 marked  filter chore  nothing to salvage in any of them   d removes them · esc clears   Marked 1 safe to remove in fi
