---
source: tests/snapshots.rs
expression: "render(&mut app, 120, 20)"
---
 caligula  1 repo · 7 worktrees (6 linked) · 1 dirty · 4 stale · 2 safe to remove
╭ sort activity · lens all ──────────────────────╮╭────────────────────────────────────────────────────────────────────╮
│   BRANCH                    ↑   ↓   ±     AGE  ││ fixture                                                            │
│ ▾ fixture (2)               1       2      1d  ││ /fixture/repo                                                      │
│ │ ● feat/ahead              1              1d  ││                                                                    │
│ │ ● feat/dirty                      2     90d  ││ origin    git@github.com:fixture/fixture.git                       │
│                                                ││ base      main                                                     │
│                                                ││ worktrees 2 of 7 shown                                             │
│                                                ││ dirty     1                                                        │
│                                                ││ stashes   1 on no live branch — nothing else will surface it       │
│                                                ││                                                                    │
│                                                ││ Worktrees                                                          │
│                                                ││   ● feat/ahead          1 off-base commit                       1d │
│                                                ││   ● feat/dirty          1 modified file, 1 untracked file      90d │
│                                                ││                                                                    │
│                                                ││                                                                    │
│                                                ││                                                                    │
│                                                ││                                                                    │
╰────────────────────────────────────────────────╯╰────────────────────────────────────────────────────────────────────╯
 filter  feat▌   enter accept · esc clear
