---
source: tests/snapshots.rs
expression: "render(&mut app, 120, 30)"
---
 caligula  1 repo · 7 worktrees (6 linked) · 1 dirty · 4 stale · 2 safe to remove
╭ sort activity · lens all ──────────────────────╮╭────────────────────────────────────────────────────────────────────╮
│   BRANCH           ╭ keys ──────────────────────────────────────────────────────────────────────╮                    │
│ ▾ fixture (6)      │ j / k · ↓ / ↑  move                                                        │                    │
│ │ ◆ main           │ space          mark a worktree, and step down                              │                    │
│ │ ● feat/ahead     │ a              mark everything safe to remove in this repo                 │                    │
│ │ ● chore/clean    │ J / K          jump to next / previous repo                                │                    │
│ │ ● (3head000)     │ g / G          first / last row                                            │                    │
│ │ ● feat/dirty     │ ← / → · enter  fold or unfold a repo                                       │                    │
│ │ ✗ docs/gone      │ z / Z          fold all / unfold all                                       │ll surface it       │
│ │ ● fix/locked     │ esc            clear the marking, then the filter                          │                    │
│                    │ PgUp / PgDn    scroll the detail pane                                      │                    │
│                    │                                                                            │ to salvage      2h │
│                    │ d              remove the marking, or the row under the cursor             │                 1d │
│                    │ D              the same, and delete the branches too                       │fe to remove     9d │
│                    │ p              prune the repo's stale worktree records                     │fe to remove    40d │
│                    │ L              lock or unlock the worktree                                 │acked file      90d │
│                    │                                                                            │rktree — it m…   1y │
│                    │ c              drop into a shell in the worktree                           │ld — nothing …   1y │
│                    │ o              open it in the file manager                                 │                    │
│                    │ y              copy its path to the clipboard                              │                    │
│                    │                                                                            │                    │
│                    │ f              cycle lens: all → dirty → salvageable → stale → safe        │                    │
│                    │ s              cycle sort: activity → name → risk                          │                    │
│                    │ /              filter by repo, branch or path                              │                    │
│                    │ r              re-probe the selected repo                                  │                    │
│                    │ R              rescan the disk from scratch                                │                    │
│                    ╰────────────────────────────────────────────────────────────────────────────╯                    │
╰────────────────────────────────────────────────╯╰────────────────────────────────────────────────────────────────────╯
 j/k move  space mark  a sweep  ←/→ fold  d remove  D +branch  p prune  c shell  f lens  s sort  / find  ? help
