---
source: tests/snapshots.rs
expression: "render(&mut app, 120, 20)"
---
 caligula  1 repo · 7 worktrees (6 linked) · 1 dirty · 4 stale · 4 safe to remove
╭ sort activity · lens all ──────────────────────╮╭────────────────────────────────────────────────────────────────────╮
│   BRANCH                ↑    ↓    ±       AGE  ││ feat/dirty  ancient · last touched 90d                             │
│ ▾ fixture (6)           1         2        2h  ││ /fixture/dirty                                                     │
│ │ ◆ main                                   2h  ││                                                                    │
│ │ ● feat/ahead        ╭ Remove worktree and branch? ─────────────────────────────────────────╮                       │
│ │ ● chore/clean       │ /fixture/dirty                                                       │                       │
│ │ ● (3head000)        │ branch feat/dirty                                                    │s off main             │
│ │ ● feat/dirty        │ 2 uncommitted files will be destroyed.                               │                       │
│ │ ✗ docs/gone         │ Branch feat/dirty will be deleted too (git branch -D).               │                       │
│ │ ● fix/locked        │                                                                      │                       │
│                       │                                                                      │                       │
│                       │  y  do it     n  cancel                                              │acked)                 │
│                       ╰──────────────────────────────────────────────────────────────────────╯                       │
│                                                ││   ?? scratch.txt                                                   │
│                                                ││                                                                    │
│                                                ││ Recent commits                                                     │
│                                                ││   4r000000  90d  init: the first commit                            │
╰────────────────────────────────────────────────╯╰────────────────────────────────────────────────────────────────────╯
 j/k move  space mark  ←/→ fold  d remove  D +branch  p prune  c shell  f lens  s sort  / find  ? help
