---
source: tests/snapshots.rs
expression: "render(&mut app, 120, 20)"
---
 caligula  1 repo · 7 worktrees (6 linked) · 1 dirty · 4 stale · 2 safe to remove
╭ sort activity · lens safe to remove ───────────╮╭────────────────────────────────────────────────────────────────────╮
│   BRANCH                    ↑   ↓   ±     AGE  ││ fixture                                                            │
│ ▾ fixture (6)               1       2      2h  ││ /fixture/repo                                                      │
│ │ ● chore/clean                            9d  ││                                                                    │
│ │ ● (3head000)                            40d  ││ origin    git@github.com:fixture/fixture.git                       │
│                                                ││ base      main                                                     │
│                                                ││ worktrees 7 (6 linked)                                             │
│                                                ││ dirty     1                                                        │
│                                                ││                                                                    │
│                                                ││ Worktrees                                                          │
│                                                ││   ◆ main                Nothing to salvage — but this is the…   2h │
│                                                ││   ● feat/ahead          1 off-base commit                       1d │
│                                                ││   ● chore/clean         Nothing to salvage — safe to remove     9d │
│                                                ││   ● (3head000)          Nothing to salvage — safe to remove    40d │
│                                                ││   ● feat/dirty          2 uncommitted files                    90d │
│                                                ││   ✗ docs/gone           Git cannot read this worktree — it m…   1y │
│                                                ││   ● fix/locked          Nothing to salvage — locked: in use …   1y │
╰────────────────────────────────────────────────╯╰────────────────────────────────────────────────────────────────────╯
 j/k move  space mark  a sweep  ←/→ fold  d remove  D +branch  p prune  c shell  f lens  s sort  / find  ? help
